[Sat 06/27/2026 16:31:03.53] comply_gate_stitch scan (components\stitch) 

SUMMARY: 0 file(s), 0 FAIL finding(s).
[Sat 06/27/2026 16:31:03.60] run_weekly start 
[2026-06-27T16:31:05] auth = OAuth token (secrets/ga4-token.json)
[2026-06-27T16:31:09] OK -> ga4-metrics.csv | source=11 sessions=204 quiz=11 conv=65
[2026-06-27T16:31:09] auth = OAuth token (secrets/ga4-token.json)
[2026-06-27T16:31:12] OK -> ga4-pages.csv | pages=54
[2026-06-27T16:31:12] auth = OAuth token (secrets/ga4-token.json)
[2026-06-27T16:31:14] OK -> ga4-funnel.csv | quiz_start=4 -> quiz_complete=3 -> recommendation_view=1 -> affiliate_click=65
Sent to telegram home channel (chat_id: 8431211539)
[2026-06-27T16:31:14] auth = ga4-token.json
[2026-06-27T16:31:15] GSC property = https://ngernduangold.com/
[2026-06-27T16:31:15] OK -> gsc-queries.csv | queries=0
[2026-06-27T16:31:15] OK -> gsc-pages.csv | pages=0
weekly growth review -> C:\Users\nL_ku\ngernduangold-site\automation-log\weekly-growth-20260627.md | sessions=204 conv=65
[Sat 06/27/2026 16:32:09.29] run_weekly end exit=0 
[Mon 07/20/2026 21:31:48.69] comply_gate_stitch scan (components\stitch) 

SUMMARY: 0 file(s), 0 FAIL finding(s).
[Mon 07/20/2026 21:31:48.83] run_weekly start 
[2026-07-20T21:31:51] auth = OAuth token (secrets/ga4-token.json)
[2026-07-20T21:31:56] OK -> ga4-metrics.csv | source=7 sessions=311 quiz=3 conv=33
[2026-07-20T21:31:56] auth = OAuth token (secrets/ga4-token.json)
[2026-07-20T21:31:59] OK -> ga4-pages.csv | pages=62
[2026-07-20T21:31:59] auth = OAuth token (secrets/ga4-token.json)
[2026-07-20T21:32:01] OK -> ga4-funnel.csv | quiz_start=2 -> quiz_complete=2 -> recommendation_view=2 -> affiliate_click=33
[2026-07-20T21:32:02] auth = ga4-token.json
[2026-07-20T21:32:02] GSC property = https://ngernduangold.com/
[2026-07-20T21:32:02] OK -> gsc-queries.csv | queries=11
[2026-07-20T21:32:03] OK -> gsc-pages.csv | pages=18
ping skip: Command '['C:\\Users\\nL_ku\\AppData\\Local\\hermes\\hermes-
weekly growth review -> C:\Users\nL_ku\ngernduangold-site\automation-log\weekly-growth-20260720.md | sessions=311 conv=33
[Mon 07/20/2026 21:33:33.51] run_weekly end exit=0 
[Mon 07/20/2026 21:34:15.45] comply_gate_stitch scan (components\stitch) 

SUMMARY: 0 file(s), 0 FAIL finding(s).
[Mon 07/20/2026 21:34:15.69] run_weekly start 
[2026-07-20T21:34:18] auth = OAuth token (secrets/ga4-token.json)
[2026-07-20T21:34:21] OK -> ga4-metrics.csv | source=7 sessions=311 quiz=3 conv=33
[2026-07-20T21:34:21] auth = OAuth token (secrets/ga4-token.json)
[2026-07-20T21:34:23] OK -> ga4-pages.csv | pages=62
[2026-07-20T21:34:23] auth = OAuth token (secrets/ga4-token.json)
[2026-07-20T21:34:25] OK -> ga4-funnel.csv | quiz_start=2 -> quiz_complete=2 -> recommendation_view=2 -> affiliate_click=33
Sent to telegram home channel (chat_id: 8431211539)
[2026-07-20T21:34:28] auth = ga4-token.json
[2026-07-20T21:34:29] GSC property = https://ngernduangold.com/
[2026-07-20T21:34:29] OK -> gsc-queries.csv | queries=11
[2026-07-20T21:34:29] OK -> gsc-pages.csv | pages=18
ping skip: Command '['C:\\Users\\nL_ku\\AppData\\Local\\hermes\\hermes-
weekly growth review -> C:\Users\nL_ku\ngernduangold-site\automation-log\weekly-growth-20260720.md | sessions=311 conv=33
[Mon 07/20/2026 21:36:00.21] run_weekly end exit=0 
[Mon 07/27/2026  9:16:11.55] comply_gate_stitch scan (components\stitch) 

SUMMARY: 0 file(s), 0 FAIL finding(s).
[Mon 07/27/2026  9:16:11.67] run_weekly start 
[2026-07-27T09:16:13] auth = OAuth token (secrets/ga4-token.json)
[2026-07-27T09:16:15] OK -> ga4-metrics.csv | source=6 sessions=223 quiz=2 conv=9
[2026-07-27T09:16:15] auth = OAuth token (secrets/ga4-token.json)
[2026-07-27T09:16:17] OK -> ga4-pages.csv | pages=35
[2026-07-27T09:16:17] auth = OAuth token (secrets/ga4-token.json)
[2026-07-27T09:16:17] OK -> ga4-funnel.csv | quiz_start=2 -> quiz_complete=2 -> recommendation_view=2 -> affiliate_click=9
Sent to telegram home channel (chat_id: 8431211539)
[2026-07-27T09:16:18] auth = ga4-token.json
[2026-07-27T09:16:18] GSC property = https://ngernduangold.com/
[2026-07-27T09:16:19] OK -> gsc-queries.csv | queries=14
[2026-07-27T09:16:19] OK -> gsc-pages.csv | pages=16
weekly growth review -> C:\Users\nL_ku\ngernduangold-site\automation-log\weekly-growth-20260727.md | sessions=223 conv=9
[Mon 07/27/2026  9:16:45.61] run_weekly end exit=0 
